// Jest Snapshot v1, https://goo.gl/fbAQLP

exports[`CodeBlock snapshot test 1`] = `
<DocumentFragment>
  <div>
    <div
      class="code_lang_wrapper"
    >
      <span
        class="code_lang"
      >
        TypeScript
      </span>
      <button
        class="copy_button"
        data-tooltip-id=":r0:"
      >
        <svg
          aria-hidden="true"
          class="svg-inline--fa fa-clone "
          data-icon="clone"
          data-prefix="fas"
          focusable="false"
          role="img"
          viewBox="0 0 512 512"
          xmlns="http://www.w3.org/2000/svg"
        >
          <path
            d="M288 448H64V224h64V160H64c-35.3 0-64 28.7-64 64V448c0 35.3 28.7 64 64 64H288c35.3 0 64-28.7 64-64V384H288v64zm-64-96H448c35.3 0 64-28.7 64-64V64c0-35.3-28.7-64-64-64H224c-35.3 0-64 28.7-64 64V288c0 35.3 28.7 64 64 64z"
            fill="currentColor"
          />
        </svg>
      </button>
    </div>
    <pre
      class="code_block"
      style="color: rgb(224, 224, 224); background: rgb(41, 41, 41); text-align: left; white-space: pre; word-spacing: normal; word-break: normal; word-wrap: normal; line-height: 1.5; tab-size: 4; hyphens: none; margin: 0.5em 0px; overflow: auto; border-radius: 0.3em;"
    >
      <code
        class="lines"
        style="white-space: pre;"
      >
        <span>
          <span>
            

          </span>
        </span>
        <span>
          <span>
                      
          </span>
          <span
            class="token token"
            style="color: rgb(255, 107, 159);"
          >
            function
          </span>
          <span>
             
          </span>
          <span
            class="token token"
            style="color: rgb(171, 218, 89);"
          >
            fizzBuzz
          </span>
          <span
            class="token token"
            style="color: rgb(153, 153, 153);"
          >
            (
          </span>
          <span>
            n
          </span>
          <span
            class="token token"
            style="color: rgb(255, 107, 159);"
          >
            :
          </span>
          <span>
             
          </span>
          <span
            class="token token"
            style="color: rgb(255, 213, 61);"
          >
            number
          </span>
          <span
            class="token token"
            style="color: rgb(153, 153, 153);"
          >
            )
          </span>
          <span>
             
          </span>
          <span
            class="token token"
            style="color: rgb(153, 153, 153);"
          >
            {
          </span>
          <span>
            

          </span>
        </span>
        <span>
          <span>
                        
          </span>
          <span
            class="token token"
            style="color: rgb(255, 107, 159);"
          >
            if
          </span>
          <span>
             
          </span>
          <span
            class="token token"
            style="color: rgb(153, 153, 153);"
          >
            (
          </span>
          <span>
            n 
          </span>
          <span
            class="token token"
            style="color: rgb(255, 107, 159);"
          >
            %
          </span>
          <span>
             
          </span>
          <span
            class="token token"
            style="color: rgb(168, 222, 255);"
          >
            15
          </span>
          <span>
             
          </span>
          <span
            class="token token"
            style="color: rgb(255, 107, 159);"
          >
            ===
          </span>
          <span>
             
          </span>
          <span
            class="token token"
            style="color: rgb(168, 222, 255);"
          >
            0
          </span>
          <span
            class="token token"
            style="color: rgb(153, 153, 153);"
          >
            )
          </span>
          <span>
             
          </span>
          <span
            class="token token"
            style="color: rgb(153, 153, 153);"
          >
            {
          </span>
          <span>
            

          </span>
        </span>
        <span>
          <span>
                          
          </span>
          <span
            class="token token"
            style="color: rgb(255, 107, 159);"
          >
            return
          </span>
          <span>
             
          </span>
          <span
            class="token token"
            style="color: rgb(255, 213, 61);"
          >
            'FizzBuzz'
          </span>
          <span>
            

          </span>
        </span>
        <span>
          <span>
                        
          </span>
          <span
            class="token token"
            style="color: rgb(153, 153, 153);"
          >
            }
          </span>
          <span>
             
          </span>
          <span
            class="token token"
            style="color: rgb(255, 107, 159);"
          >
            else
          </span>
          <span>
             
          </span>
          <span
            class="token token"
            style="color: rgb(255, 107, 159);"
          >
            if
          </span>
          <span>
             
          </span>
          <span
            class="token token"
            style="color: rgb(153, 153, 153);"
          >
            (
          </span>
          <span>
            n 
          </span>
          <span
            class="token token"
            style="color: rgb(255, 107, 159);"
          >
            %
          </span>
          <span>
             
          </span>
          <span
            class="token token"
            style="color: rgb(168, 222, 255);"
          >
            3
          </span>
          <span>
             
          </span>
          <span
            class="token token"
            style="color: rgb(255, 107, 159);"
          >
            ===
          </span>
          <span>
             
          </span>
          <span
            class="token token"
            style="color: rgb(168, 222, 255);"
          >
            0
          </span>
          <span
            class="token token"
            style="color: rgb(153, 153, 153);"
          >
            )
          </span>
          <span>
             
          </span>
          <span
            class="token token"
            style="color: rgb(153, 153, 153);"
          >
            {
          </span>
          <span>
            

          </span>
        </span>
        <span>
          <span>
                          
          </span>
          <span
            class="token token"
            style="color: rgb(255, 107, 159);"
          >
            return
          </span>
          <span>
             
          </span>
          <span
            class="token token"
            style="color: rgb(255, 213, 61);"
          >
            'Fizz'
          </span>
          <span>
            

          </span>
        </span>
        <span>
          <span>
                        
          </span>
          <span
            class="token token"
            style="color: rgb(153, 153, 153);"
          >
            }
          </span>
          <span>
             
          </span>
          <span
            class="token token"
            style="color: rgb(255, 107, 159);"
          >
            else
          </span>
          <span>
             
          </span>
          <span
            class="token token"
            style="color: rgb(255, 107, 159);"
          >
            if
          </span>
          <span>
             
          </span>
          <span
            class="token token"
            style="color: rgb(153, 153, 153);"
          >
            (
          </span>
          <span>
            n 
          </span>
          <span
            class="token token"
            style="color: rgb(255, 107, 159);"
          >
            %
          </span>
          <span>
             
          </span>
          <span
            class="token token"
            style="color: rgb(168, 222, 255);"
          >
            5
          </span>
          <span>
             
          </span>
          <span
            class="token token"
            style="color: rgb(255, 107, 159);"
          >
            ===
          </span>
          <span>
             
          </span>
          <span
            class="token token"
            style="color: rgb(168, 222, 255);"
          >
            0
          </span>
          <span
            class="token token"
            style="color: rgb(153, 153, 153);"
          >
            )
          </span>
          <span>
             
          </span>
          <span
            class="token token"
            style="color: rgb(153, 153, 153);"
          >
            {
          </span>
          <span>
            

          </span>
        </span>
        <span>
          <span>
                          
          </span>
          <span
            class="token token"
            style="color: rgb(255, 107, 159);"
          >
            return
          </span>
          <span>
             
          </span>
          <span
            class="token token"
            style="color: rgb(255, 213, 61);"
          >
            'Buzz'
          </span>
          <span>
            

          </span>
        </span>
        <span>
          <span>
                        
          </span>
          <span
            class="token token"
            style="color: rgb(153, 153, 153);"
          >
            }
          </span>
          <span>
             
          </span>
          <span
            class="token token"
            style="color: rgb(255, 107, 159);"
          >
            else
          </span>
          <span>
             
          </span>
          <span
            class="token token"
            style="color: rgb(153, 153, 153);"
          >
            {
          </span>
          <span>
            

          </span>
        </span>
        <span>
          <span>
                          
          </span>
          <span
            class="token token"
            style="color: rgb(255, 107, 159);"
          >
            return
          </span>
          <span>
             n
          </span>
          <span
            class="token token"
            style="color: rgb(153, 153, 153);"
          >
            .
          </span>
          <span
            class="token token"
            style="color: rgb(171, 218, 89);"
          >
            toString
          </span>
          <span
            class="token token"
            style="color: rgb(153, 153, 153);"
          >
            (
          </span>
          <span
            class="token token"
            style="color: rgb(153, 153, 153);"
          >
            )
          </span>
          <span>
            

          </span>
        </span>
        <span>
          <span>
                        
          </span>
          <span
            class="token token"
            style="color: rgb(153, 153, 153);"
          >
            }
          </span>
          <span>
            

          </span>
        </span>
        <span>
          <span>
                      
          </span>
          <span
            class="token token"
            style="color: rgb(153, 153, 153);"
          >
            }
          </span>
          <span>
            

          </span>
        </span>
        <span>
                  
        </span>
      </code>
    </pre>
  </div>
</DocumentFragment>
`;
